Starting >>> nav_install_consumer
-- The C compiler identification is GNU 13.3.0
-- The CXX compiler identification is GNU 13.3.0
-- Detecting C compiler ABI info
-- Detecting C compiler ABI info - done
-- Check for working C compiler: /usr/bin/cc - skipped
-- Detecting C compile features
-- Detecting C compile features - done
-- Detecting CXX compiler ABI info
-- Detecting CXX compiler ABI info - done
-- Check for working CXX compiler: /usr/bin/c++ - skipped
-- Detecting CXX compile features
-- Detecting CXX compile features - done
-- Found ament_cmake: 2.5.6 (/opt/ros/jazzy/share/ament_cmake/cmake)
-- Found Python3: /usr/bin/python3 (found version "3.12.3") found components: Interpreter 
-- Found rclcpp: 28.1.22 (/opt/ros/jazzy/share/rclcpp/cmake)
-- Found rosidl_generator_c: 4.6.9 (/opt/ros/jazzy/share/rosidl_generator_c/cmake)
-- Found rosidl_generator_cpp: 4.6.9 (/opt/ros/jazzy/share/rosidl_generator_cpp/cmake)
-- Using all available rosidl_typesupport_c: rosidl_typesupport_fastrtps_c;rosidl_typesupport_introspection_c
-- Using all available rosidl_typesupport_cpp: rosidl_typesupport_fastrtps_cpp;rosidl_typesupport_introspection_cpp
-- Found rmw_implementation_cmake: 7.3.3 (/opt/ros/jazzy/share/rmw_implementation_cmake/cmake)
-- Found rmw_fastrtps_cpp: 8.4.4 (/opt/ros/jazzy/share/rmw_fastrtps_cpp/cmake)
-- Found OpenSSL: /usr/lib/x86_64-linux-gnu/libcrypto.so (found version "3.0.13")  
-- Found FastRTPS: /opt/ros/jazzy/include (Required is at least version "2.13") 
-- Using RMW implementation 'rmw_fastrtps_cpp' as default
CMake Error at CMakeLists.txt:5 (find_package):
  By not providing "Findopenamr_nav_msgs.cmake" in CMAKE_MODULE_PATH this
  project has asked CMake to find a package configuration file provided by
  "openamr_nav_msgs", but CMake did not find one.

  Could not find a package configuration file provided by "openamr_nav_msgs"
  (requested version 0.0.0) with any of the following names:

    openamr_nav_msgsConfig.cmake
    openamr_nav_msgs-config.cmake

  Add the installation prefix of "openamr_nav_msgs" to CMAKE_PREFIX_PATH or
  set "openamr_nav_msgs_DIR" to a directory containing one of the above
  files.  If "openamr_nav_msgs" provides a separate development package or
  SDK, be sure it has been installed.


-- Configuring incomplete, errors occurred!
--- stderr: nav_install_consumer
CMake Error at CMakeLists.txt:5 (find_package):
  By not providing "Findopenamr_nav_msgs.cmake" in CMAKE_MODULE_PATH this
  project has asked CMake to find a package configuration file provided by
  "openamr_nav_msgs", but CMake did not find one.

  Could not find a package configuration file provided by "openamr_nav_msgs"
  (requested version 0.0.0) with any of the following names:

    openamr_nav_msgsConfig.cmake
    openamr_nav_msgs-config.cmake

  Add the installation prefix of "openamr_nav_msgs" to CMAKE_PREFIX_PATH or
  set "openamr_nav_msgs_DIR" to a directory containing one of the above
  files.  If "openamr_nav_msgs" provides a separate development package or
  SDK, be sure it has been installed.


---
Failed   <<< nav_install_consumer [1.95s, exited with code 1]

Summary: 0 packages finished [2.17s]
  1 package failed: nav_install_consumer
  1 package had stderr output: nav_install_consumer
